{"timestamp":"2026-07-07T01:42:08Z","task":"Task-A2-0007","event":"started","try":1,"maxTries":3,"message":"Beginning implementation"}
{"timestamp":"2026-07-07T01:42:29Z","task":"Task-A2-0007","event":"started","try":1,"maxTries":3,"message":"Beginning implementation"}
{"timestamp":"2026-07-07T01:42:31Z","task":"Task-A2-0007","event":"started","try":1,"maxTries":3,"message":"Beginning implementation"}
{"timestamp":"2026-07-07T01:42:35Z","task":"Task-A2-0007","event":"started","try":1,"maxTries":3,"message":"Beginning implementation"}
{"timestamp":"2026-07-07T01:42:39Z","task":"Task-A2-0007","event":"started","try":1,"maxTries":3,"message":"Beginning implementation"}
{"timestamp":"2026-07-07T01:43:19Z","task":"Task-A2-0007","event":"started","try":1,"maxTries":3,"message":"Beginning implementation"}
{"timestamp":"2026-07-07T01:43:25Z","task":"Task-A2-0007","event":"started","try":1,"maxTries":3,"message":"Beginning implementation"}
{"timestamp":"2026-07-07T01:43:51Z","task":"Task-A2-0007","event":"started","try":1,"maxTries":3,"message":"Beginning implementation"}
{"timestamp":"2026-07-07T01:43:55Z","task":"Task-A2-0007","event":"started","try":1,"maxTries":3,"message":"Beginning implementation"}
{"timestamp":"2026-07-07T01:43:58Z","task":"Task-A2-0007","event":"started","try":1,"maxTries":3,"message":"Beginning implementation"}
{"timestamp":"2026-07-07T01:44:03Z","task":"Task-A2-0007","event":"started","try":1,"maxTries":3,"message":"Beginning implementation"}
{"timestamp":"2026-07-07T01:44:06Z","task":"Task-A2-0007","event":"started","try":1,"maxTries":3,"message":"Beginning implementation"}
{"timestamp":"2026-07-07T01:44:09Z","task":"Task-A2-0007","event":"started","try":1,"maxTries":3,"message":"Beginning implementation"}
{"timestamp":"2026-07-07T01:44:11Z","task":"Task-A2-0007","event":"started","try":1,"maxTries":3,"message":"Beginning implementation"}
{"timestamp":"2026-07-07T01:44:14Z","task":"Task-A2-0007","event":"started","try":1,"maxTries":3,"message":"Beginning implementation"}
{"timestamp":"2026-07-07T01:44:54Z","task":"Task-A2-0007","event":"started","try":1,"maxTries":3,"message":"Beginning implementation"}
{"timestamp":"2026-07-07T01:45:12Z","task":"Task-A2-0007","event":"started","try":1,"maxTries":3,"message":"Beginning implementation"}
{"timestamp":"2026-07-07T01:45:43Z","task":"Task-A2-0007","event":"ready_for_review","try":1,"maxTries":3,"message":"All acceptance criteria met"}
{"timestamp":"2026-07-07T01:52:09Z","task":"Task-A2-0007","event":"completed","try":null,"maxTries":null,"message":"Applied review fixes: removed dead useEffect, simplified isDirty, fixed toast-once guard, removed auto-reset effect, removed saveAliases return, removed validateAliases re-export, made setAliases batch-safe."}
{"timestamp":"2026-07-07T01:55:03Z","task":"Task-A2-0007","event":"started","try":2,"maxTries":3,"message":"Applying review fixes for Task-A2-0007"}
{"timestamp":"2026-07-07T01:56:13Z","task":"Task-A2-0007","event":"started","try":null,"maxTries":null,"message":"Applying review fixes: reset alias state on any modelName change and add validateAliases named export."}
{"timestamp":"2026-07-07T01:57:04Z","task":"Task-A2-0007","event":"ready_for_review","try":1,"maxTries":2,"message":"Alias state reset on modelName change fixed; validateAliases named export added. pnpm --filter web typecheck passed (pre-existing benchmark test type errors remain)."}
{"timestamp":"2026-07-07T01:57:21Z","task":"Task-A2-0007","event":"ready_for_review","try":2,"maxTries":3,"message":"Fixes applied: reset on modelName change, validateAliases export added"}
